1952.lean:13:17: error: invalid structure value { ... }, field 'fn' was not provided
1952.lean:13:28: error: type mismatch at field 'fn_ax'
  λ (x : ℕ), rfl
has type
  ∀ (x : ℕ), ?m_2[x] = ?m_2[x]
but is expected to have type
  ∀ (a : ℕ), ⁇ a = a
1952.lean:16:41: error: invalid structure value { ... }, field 'le' was not provided
1952.lean:16:41: error: invalid structure value { ... }, field 'le_refl' was not provided
1952.lean:16:55: error: type mismatch at field 'le_trans'
  λ (x y z : α), rfl
has type
  ∀ (x y z : α), ?m_2[x, y, z] = ?m_2[x, y, z]
but is expected to have type
  ∀ (a b c : α), a ≤ b → b ≤ c → a ≤ c
